// Vitest Snapshot v1

exports[`<Sidebar /> renders 1`] = `null`;
